Unity Editor version:    2022.3.62f2 (7670c08855a9)
Branch:                  2022.3/respin/2022.3.62f2-4af31df585-v2
Build type:              Release
Batch mode:              YES
macOS version:           Version 15.6.1 (Build 24G90)
Darwin version:          24.6.0
Architecture:            arm64
Running under Rosetta:   NO
Available memory:        24576 MB
Using pre-set license
Pro License: YES

COMMAND LINE ARGUMENTS:
/Applications/Unity/Hub/Editor/2022.3.62f2/Unity.app/Contents/MacOS/Unity
-adb2
-batchMode
-noUpm
-name
AssetImportWorker0
-projectPath
/Users/Argho/git/Duck-Hunt/Duck Hunt
-logFile
Logs/AssetImportWorker0.log
-srvPort
64987
Successfully changed project path to: /Users/Argho/git/Duck-Hunt/Duck Hunt
/Users/Argho/git/Duck-Hunt/Duck Hunt
[UnityMemory] Configuration Parameters - Can be set up in boot.config
    "memorysetup-bucket-allocator-granularity=16"
    "memorysetup-bucket-allocator-bucket-count=8"
    "memorysetup-bucket-allocator-block-size=33554432"
    "memorysetup-bucket-allocator-block-count=8"
    "memorysetup-main-allocator-block-size=16777216"
    "memorysetup-thread-allocator-block-size=16777216"
    "memorysetup-gfx-main-allocator-block-size=16777216"
    "memorysetup-gfx-thread-allocator-block-size=16777216"
    "memorysetup-cache-allocator-block-size=4194304"
    "memorysetup-typetree-allocator-block-size=2097152"
    "memorysetup-profiler-bucket-allocator-granularity=16"
    "memorysetup-profiler-bucket-allocator-bucket-count=8"
    "memorysetup-profiler-bucket-allocator-block-size=33554432"
    "memorysetup-profiler-bucket-allocator-block-count=8"
    "memorysetup-profiler-allocator-block-size=16777216"
    "memorysetup-profiler-editor-allocator-block-size=1048576"
    "memorysetup-temp-allocator-size-main=16777216"
    "memorysetup-job-temp-allocator-block-size=2097152"
    "memorysetup-job-temp-allocator-block-size-background=1048576"
    "memorysetup-job-temp-allocator-reduction-small-platforms=262144"
    "memorysetup-allocator-temp-initial-block-size-main=262144"
    "memorysetup-allocator-temp-initial-block-size-worker=262144"
    "memorysetup-temp-allocator-size-background-worker=32768"
    "memorysetup-temp-allocator-size-job-worker=262144"
    "memorysetup-temp-allocator-size-preload-manager=33554432"
    "memorysetup-temp-allocator-size-nav-mesh-worker=65536"
    "memorysetup-temp-allocator-size-audio-worker=65536"
    "memorysetup-temp-allocator-size-cloud-worker=32768"
    "memorysetup-temp-allocator-size-gi-baking-worker=262144"
    "memorysetup-temp-allocator-size-gfx=262144"
Player connection [8786534592]  Target information:

Player connection [8786534592]  * "[IP] 10.18.5.223 [Port] 0 [Flags] 2 [Guid] 2190886855 [EditorId] 2190886855 [Version] 1048832 [Id] OSXEditor(0,apples-MacBook-Pro.local) [Debug] 1 [PackageName] OSXEditor [ProjectName] Editor" 

Player connection [8786534592] Host joined multi-casting on [225.0.0.222:54997]...
Player connection [8786534592] Host joined alternative multi-casting on [225.0.0.222:34997]...
Input System module state changed to: Initialized.
[PhysX] Initialized MultithreadedTaskDispatcher with 14 workers.
Refreshing native plugins compatible for Editor in 1.09 ms, found 0 plugins.
Preloading 0 native plugins for Editor in 0.00 ms.
Initialize engine version: 2022.3.62f2 (7670c08855a9)
[Subsystems] Discovering subsystems at path /Applications/Unity/Hub/Editor/2022.3.62f2/Unity.app/Contents/Resources/UnitySubsystems
[Subsystems] Discovering subsystems at path /Users/Argho/git/Duck-Hunt/Duck Hunt/Assets
GfxDevice: creating device client; threaded=0; jobified=0
 preferred device: Apple M4 Pro (high power)
Metal devices available: 1
0: Apple M4 Pro (high power)
Using device Apple M4 Pro (high power)
Initializing Metal device caps: Apple M4 Pro
Initialize mono
Mono path[0] = '/Applications/Unity/Hub/Editor/2022.3.62f2/Unity.app/Contents/Managed'
Mono path[1] = '/Applications/Unity/Hub/Editor/2022.3.62f2/Unity.app/Contents/MonoBleedingEdge/lib/mono/unityjit-macos'
Mono config path = '/Applications/Unity/Hub/Editor/2022.3.62f2/Unity.app/Contents/MonoBleedingEdge/etc'
Using monoOptions --debugger-agent=transport=dt_socket,embedding=1,server=y,suspend=n,address=127.0.0.1:56111
Begin MonoManager ReloadAssembly
Registering precompiled unity dll's ...
Register platform support module: /Applications/Unity/Hub/Editor/2022.3.62f2/PlaybackEngines/WebGLSupport/UnityEditor.WebGL.Extensions.dll
Register platform support module: /Applications/Unity/Hub/Editor/2022.3.62f2/Unity.app/Contents/PlaybackEngines/MacStandaloneSupport/UnityEditor.OSXStandalone.Extensions.dll
Register platform support module: /Applications/Unity/Hub/Editor/2022.3.62f2/PlaybackEngines/AndroidPlayer/UnityEditor.Android.Extensions.dll
Register platform support module: /Applications/Unity/Hub/Editor/2022.3.62f2/PlaybackEngines/iOSSupport/UnityEditor.iOS.Extensions.dll
Registered in 0.001363 seconds.
- Loaded All Assemblies, in  0.186 seconds
[usbmuxd] Start listen thread
[usbmuxd] Listen thread started
[usbmuxd] Send listen message
Native extension for iOS target not found
Native extension for Android target not found
Android Extension - Scanning For ADB Devices 66 ms
Native extension for OSXStandalone target not found
Native extension for WebGL target not found
Mono: successfully reloaded assembly
- Finished resetting the current domain, in  0.258 seconds
Domain Reload Profiling: 445ms
	BeginReloadAssembly (56ms)
		ExecutionOrderSort (0ms)
		DisableScriptedObjects (0ms)
		BackupInstance (0ms)
		ReleaseScriptingObjects (0ms)
		CreateAndSetChildDomain (0ms)
	RebuildCommonClasses (17ms)
	RebuildNativeTypeToScriptingClass (6ms)
	initialDomainReloadingComplete (24ms)
	LoadAllAssembliesAndSetupDomain (83ms)
		LoadAssemblies (58ms)
		RebuildTransferFunctionScriptingTraits (0ms)
		AnalyzeDomain (80ms)
			TypeCache.Refresh (79ms)
				TypeCache.ScanAssembly (71ms)
			ScanForSourceGeneratedMonoScriptInfo (0ms)
			ResolveRequiredComponents (0ms)
	FinalizeReload (259ms)
		ReleaseScriptCaches (0ms)
		RebuildScriptCaches (0ms)
		SetupLoadedEditorAssemblies (234ms)
			LogAssemblyErrors (0ms)
			InitializePlatformSupportModulesInManaged (160ms)
			SetLoadedEditorAssemblies (3ms)
			RefreshPlugins (0ms)
			BeforeProcessingInitializeOnLoad (1ms)
			ProcessInitializeOnLoadAttributes (49ms)
			ProcessInitializeOnLoadMethodAttributes (20ms)
			AfterProcessingInitializeOnLoad (0ms)
			EditorAssembliesLoaded (0ms)
		ExecutionOrderSort2 (0ms)
		AwakeInstancesAfterBackupRestoration (0ms)
========================================================================
Worker process is ready to serve import requests
Caller must complete domain reload
Begin MonoManager ReloadAssembly
- Loaded All Assemblies, in  0.146 seconds
Native extension for iOS target not found
Native extension for Android target not found
Native extension for OSXStandalone target not found
Native extension for WebGL target not found
Mono: successfully reloaded assembly
- Finished resetting the current domain, in  0.178 seconds
Domain Reload Profiling: 325ms
	BeginReloadAssembly (56ms)
		ExecutionOrderSort (0ms)
		DisableScriptedObjects (2ms)
		BackupInstance (0ms)
		ReleaseScriptingObjects (0ms)
		CreateAndSetChildDomain (14ms)
	RebuildCommonClasses (16ms)
	RebuildNativeTypeToScriptingClass (5ms)
	initialDomainReloadingComplete (16ms)
	LoadAllAssembliesAndSetupDomain (52ms)
		LoadAssemblies (65ms)
		RebuildTransferFunctionScriptingTraits (0ms)
		AnalyzeDomain (11ms)
			TypeCache.Refresh (11ms)
				TypeCache.ScanAssembly (5ms)
			ScanForSourceGeneratedMonoScriptInfo (0ms)
			ResolveRequiredComponents (0ms)
	FinalizeReload (179ms)
		ReleaseScriptCaches (0ms)
		RebuildScriptCaches (0ms)
		SetupLoadedEditorAssemblies (101ms)
			LogAssemblyErrors (0ms)
			InitializePlatformSupportModulesInManaged (14ms)
			SetLoadedEditorAssemblies (1ms)
			RefreshPlugins (0ms)
			BeforeProcessingInitializeOnLoad (11ms)
			ProcessInitializeOnLoadAttributes (65ms)
			ProcessInitializeOnLoadMethodAttributes (9ms)
			AfterProcessingInitializeOnLoad (1ms)
			EditorAssembliesLoaded (0ms)
		ExecutionOrderSort2 (0ms)
		AwakeInstancesAfterBackupRestoration (2ms)
Launching external process: /Applications/Unity/Hub/Editor/2022.3.62f2/Unity.app/Contents/Tools/UnityShaderCompiler
Launched and connected shader compiler UnityShaderCompiler after 0.02 seconds
Refreshing native plugins compatible for Editor in 0.13 ms, found 0 plugins.
Preloading 0 native plugins for Editor in 0.00 ms.
Unloading 63 Unused Serialized files (Serialized files now loaded: 0)
Unloading 5 unused Assets / (43.9 KB). Loaded Objects now: 532.
Memory consumption went from 58.5 MB to 58.4 MB.
Total: 1.646000 ms (FindLiveObjects: 0.017625 ms CreateObjectMapping: 0.002166 ms MarkObjects: 1.581125 ms  DeleteObjects: 0.044750 ms)

AssetImportParameters requested are different than current active one (requested -> active):
  custom:container-muxer-webm: aa71ff27fc2769a1b78a27578f13a17b -> 
  custom:video-encoder-webm-vp8: eb34c28f22e8b96e1ab97ce403110664 -> 
  custom:framework-osx-AVFoundation: e770b220cccbd017edd2c1fefb359320 -> 
  custom:audio-encoder-webm-vorbis: bf7c407c2cedff20999df2af8eb42d56 -> 
  custom:container-demuxer-ogg: 62fdf1f143b41e24485cea50d1cbac27 -> 
  custom:video-decoder-webm-vp8: 9c59270c3fd7afecdb556c50c9e8de78 -> 
  custom:audio-decoder-ogg-vorbis: bf7c407c2cedff20999df2af8eb42d56 -> 
  custom:AudioImporter_EditorPlatform: 3918e3fc78b5a79bad01e8451be0beb8 -> 
  custom:video-decoder-ogg-theora: a1e56fd34408186e4bbccfd4996cb3dc -> 
  custom:container-demuxer-webm: 4f35f7cbe854078d1ac9338744f61a02 -> 
  custom:CustomObjectIndexerAttribute: 9a22284fe3817be447336de3de66b15e -> 
  custom:SearchIndexIgnoredProperties: e643bd26f0fe6173181afceb89e7c659 -> 
========================================================================
Received Import Request.
  Time since last request: 1324246.894991 seconds.
  path: Assets/Prefabs/duck1.prefab
  artifactKey: Guid(489f9d9a5b4d0e64aa0f57b05254a060) Importer(815301076,1909f56bfc062723c751e8b465ee728b)
Start importing Assets/Prefabs/duck1.prefab using Guid(489f9d9a5b4d0e64aa0f57b05254a060) Importer(815301076,1909f56bfc062723c751e8b465ee728b) [PhysX] Initialized MultithreadedTaskDispatcher with 14 workers.
[PhysX] Initialized MultithreadedTaskDispatcher with 14 workers.
 -> (artifact id: 'f45a3cb4ed0e8e2a0637e5fbd702e888') in 0.134708 seconds
Number of updated asset objects reloaded before import = 0
Number of asset objects unloaded after import = 39
========================================================================
Received Prepare
Caller must complete domain reload
Begin MonoManager ReloadAssembly
Thread 0x3197c7000 may have been prematurely finalized
- Loaded All Assemblies, in  0.169 seconds
Native extension for iOS target not found
Native extension for Android target not found
Native extension for OSXStandalone target not found
Native extension for WebGL target not found
Mono: successfully reloaded assembly
- Finished resetting the current domain, in  0.194 seconds
Domain Reload Profiling: 363ms
	BeginReloadAssembly (89ms)
		ExecutionOrderSort (0ms)
		DisableScriptedObjects (4ms)
		BackupInstance (0ms)
		ReleaseScriptingObjects (0ms)
		CreateAndSetChildDomain (29ms)
	RebuildCommonClasses (17ms)
	RebuildNativeTypeToScriptingClass (5ms)
	initialDomainReloadingComplete (10ms)
	LoadAllAssembliesAndSetupDomain (47ms)
		LoadAssemblies (79ms)
		RebuildTransferFunctionScriptingTraits (0ms)
		AnalyzeDomain (4ms)
			TypeCache.Refresh (3ms)
				TypeCache.ScanAssembly (0ms)
			ScanForSourceGeneratedMonoScriptInfo (0ms)
			ResolveRequiredComponents (0ms)
	FinalizeReload (194ms)
		ReleaseScriptCaches (0ms)
		RebuildScriptCaches (0ms)
		SetupLoadedEditorAssemblies (112ms)
			LogAssemblyErrors (0ms)
			InitializePlatformSupportModulesInManaged (15ms)
			SetLoadedEditorAssemblies (3ms)
			RefreshPlugins (0ms)
			BeforeProcessingInitializeOnLoad (15ms)
			ProcessInitializeOnLoadAttributes (69ms)
			ProcessInitializeOnLoadMethodAttributes (9ms)
			AfterProcessingInitializeOnLoad (1ms)
			EditorAssembliesLoaded (0ms)
		ExecutionOrderSort2 (0ms)
		AwakeInstancesAfterBackupRestoration (2ms)
Refreshing native plugins compatible for Editor in 0.07 ms, found 0 plugins.
Preloading 0 native plugins for Editor in 0.00 ms.
Unloading 57 Unused Serialized files (Serialized files now loaded: 0)
Unloading 3 unused Assets / (23.8 KB). Loaded Objects now: 540.
Memory consumption went from 65.8 MB to 65.8 MB.
Total: 1.385083 ms (FindLiveObjects: 0.015584 ms CreateObjectMapping: 0.002041 ms MarkObjects: 1.350250 ms  DeleteObjects: 0.017125 ms)

Prepare: number of updated asset objects reloaded= 0
AssetImportParameters requested are different than current active one (requested -> active):
  custom:container-muxer-webm: aa71ff27fc2769a1b78a27578f13a17b -> 
  custom:video-encoder-webm-vp8: eb34c28f22e8b96e1ab97ce403110664 -> 
  custom:framework-osx-AVFoundation: e770b220cccbd017edd2c1fefb359320 -> 
  custom:scripting/monoscript/fileName/DuckMovement.cs: b90f151bba38a5fad739ab7d021eb09f -> 
  custom:audio-encoder-webm-vorbis: bf7c407c2cedff20999df2af8eb42d56 -> 
  custom:scripting/monoscript/fileName/SetSpawnPoint.cs: 422625991aed8b8966c338b3121dafd4 -> 
  custom:scripting/monoscript/fileName/GameManager.cs: 9933fbcc6190e2a9171c2ec8808a053e -> 
  custom:container-demuxer-ogg: 62fdf1f143b41e24485cea50d1cbac27 -> 
  custom:video-decoder-webm-vp8: 9c59270c3fd7afecdb556c50c9e8de78 -> 
  custom:scripting/monoscript/fileName/DirectionChanger.cs: 3314b715c4eb62d14d3ece2b15ba861e -> 
  custom:scripting/monoscript/fileName/Shooter.cs: 350db0d8f87a1308d6bb3ae5de196e43 -> 
  custom:audio-decoder-ogg-vorbis: bf7c407c2cedff20999df2af8eb42d56 -> 
  custom:scripting/monoscript/fileName/StaticVars.cs: dac0a75432d5a73a2b8b628853c312e6 -> 
  custom:AudioImporter_EditorPlatform: 3918e3fc78b5a79bad01e8451be0beb8 -> 
  custom:video-decoder-ogg-theora: a1e56fd34408186e4bbccfd4996cb3dc -> 
  custom:container-demuxer-webm: 4f35f7cbe854078d1ac9338744f61a02 -> 
  custom:scripting/precompiled-assembly-types:Assembly-CSharp: 9bd7f8623f7bf0f4e634c2f7935829fd -> 
  custom:scripting/monoscript/fileName/StartGameTitle.cs: 2a37777c834518bc35759e36b6b8e6f3 -> 
  custom:scripting/monoscript/fileName/DogControl.cs: 44faf2bc8e67ead6521cbf9a70a4652a -> 
  custom:scripting/monoscript/fileName/PauseGame.cs: affc67fe8fee38e19b3cefd6a819d3c6 -> 
  custom:CustomObjectIndexerAttribute: 9a22284fe3817be447336de3de66b15e -> 
  custom:SearchIndexIgnoredProperties: e643bd26f0fe6173181afceb89e7c659 -> 
  custom:scripting/monoscript/fileName/DuckSpawn.cs: 265a123ff5b4641c5b1931eab71b90de -> 
  custom:scripting/monoscript/fileName/BackToMenu.cs: cda0dbb53d5b92b25089e8a7882f83a9 -> 
  custom:scripting/monoscript/fileName/DogLayerSwitch.cs: ffb41897b72bf60348e7bcbb42faba9a -> 
  custom:scripting/monoscript/fileName/DuckHealth.cs: 52be051fc88dc0911ecd6a98137f72c5 -> 
========================================================================
Received Import Request.
  Time since last request: 92.822628 seconds.
  path: Assets/Sounds/01-bark.mp3
  artifactKey: Guid(b73a82f4ded9d894cb89ef06d548b8a5) Importer(815301076,1909f56bfc062723c751e8b465ee728b)
Start importing Assets/Sounds/01-bark.mp3 using Guid(b73a82f4ded9d894cb89ef06d548b8a5) Importer(815301076,1909f56bfc062723c751e8b465ee728b) [PhysX] Initialized MultithreadedTaskDispatcher with 14 workers.
[PhysX] Initialized MultithreadedTaskDispatcher with 14 workers.
 -> (artifact id: '84ba9dedf54b4ebf3cb72b6e1371fc67') in 0.108905 seconds
Number of updated asset objects reloaded before import = 0
Number of asset objects unloaded after import = 2
========================================================================
Received Import Request.
  Time since last request: 0.000047 seconds.
  path: Assets/Sounds/11-pauze.mp3
  artifactKey: Guid(cc155e54ac62c46498c736ec4a51fad9) Importer(815301076,1909f56bfc062723c751e8b465ee728b)
Start importing Assets/Sounds/11-pauze.mp3 using Guid(cc155e54ac62c46498c736ec4a51fad9) Importer(815301076,1909f56bfc062723c751e8b465ee728b) [PhysX] Initialized MultithreadedTaskDispatcher with 14 workers.
[PhysX] Initialized MultithreadedTaskDispatcher with 14 workers.
 -> (artifact id: 'd9625887caadebd9789932836cae1c1d') in 0.004154 seconds
Number of updated asset objects reloaded before import = 0
Number of asset objects unloaded after import = 2
========================================================================
Received Import Request.
  Time since last request: 0.000059 seconds.
  path: Assets/Sounds/18-start-round.mp3
  artifactKey: Guid(a7a3414a6af2f9e41a58a6800413a23b) Importer(815301076,1909f56bfc062723c751e8b465ee728b)
Start importing Assets/Sounds/18-start-round.mp3 using Guid(a7a3414a6af2f9e41a58a6800413a23b) Importer(815301076,1909f56bfc062723c751e8b465ee728b) [PhysX] Initialized MultithreadedTaskDispatcher with 14 workers.
[PhysX] Initialized MultithreadedTaskDispatcher with 14 workers.
 -> (artifact id: 'b95cfdb477f57865417ef78bc1ac548e') in 0.006906 seconds
Number of updated asset objects reloaded before import = 0
Number of asset objects unloaded after import = 2
========================================================================
Received Import Request.
  Time since last request: 0.000048 seconds.
  path: Assets/Sounds/10-next-round.mp3
  artifactKey: Guid(a60768c9a09113d4b87c28988ec9066e) Importer(815301076,1909f56bfc062723c751e8b465ee728b)
Start importing Assets/Sounds/10-next-round.mp3 using Guid(a60768c9a09113d4b87c28988ec9066e) Importer(815301076,1909f56bfc062723c751e8b465ee728b) [PhysX] Initialized MultithreadedTaskDispatcher with 14 workers.
[PhysX] Initialized MultithreadedTaskDispatcher with 14 workers.
 -> (artifact id: '89b2c84c6fb47837c198b3ac4afc5da6') in 0.006487 seconds
Number of updated asset objects reloaded before import = 0
Number of asset objects unloaded after import = 2
========================================================================
Received Import Request.
  Time since last request: 0.000075 seconds.
  path: Assets/Sounds/06-end-duck-round.mp3
  artifactKey: Guid(a797ae51cb90d4240936142c6c158434) Importer(815301076,1909f56bfc062723c751e8b465ee728b)
Start importing Assets/Sounds/06-end-duck-round.mp3 using Guid(a797ae51cb90d4240936142c6c158434) Importer(815301076,1909f56bfc062723c751e8b465ee728b) [PhysX] Initialized MultithreadedTaskDispatcher with 14 workers.
[PhysX] Initialized MultithreadedTaskDispatcher with 14 workers.
 -> (artifact id: 'd43f789ac803d619f3eb35577a8cef3b') in 0.003996 seconds
Number of updated asset objects reloaded before import = 0
Number of asset objects unloaded after import = 2
========================================================================
Received Import Request.
  Time since last request: 0.000317 seconds.
  path: Assets/Sounds/09-miss.mp3
  artifactKey: Guid(630e8a3b71c005a4da5817b6de8140cd) Importer(815301076,1909f56bfc062723c751e8b465ee728b)
Start importing Assets/Sounds/09-miss.mp3 using Guid(630e8a3b71c005a4da5817b6de8140cd) Importer(815301076,1909f56bfc062723c751e8b465ee728b) [PhysX] Initialized MultithreadedTaskDispatcher with 14 workers.
[PhysX] Initialized MultithreadedTaskDispatcher with 14 workers.
 -> (artifact id: 'd7641d5f9f6dc8316da22071308b4d82') in 0.003945 seconds
Number of updated asset objects reloaded before import = 0
Number of asset objects unloaded after import = 2
========================================================================
Received Import Request.
  Time since last request: 0.000063 seconds.
  path: Assets/Sounds/03-drop.mp3
  artifactKey: Guid(0c7a99fa1d3b8c44b8dc135a764f1a7c) Importer(815301076,1909f56bfc062723c751e8b465ee728b)
Start importing Assets/Sounds/03-drop.mp3 using Guid(0c7a99fa1d3b8c44b8dc135a764f1a7c) Importer(815301076,1909f56bfc062723c751e8b465ee728b) [PhysX] Initialized MultithreadedTaskDispatcher with 14 workers.
[PhysX] Initialized MultithreadedTaskDispatcher with 14 workers.
 -> (artifact id: '82484f7be7a79d7690df877227d494f7') in 0.003050 seconds
Number of updated asset objects reloaded before import = 0
Number of asset objects unloaded after import = 2
========================================================================
Received Import Request.
  Time since last request: 0.000080 seconds.
  path: Assets/Sounds/08-lose.mp3
  artifactKey: Guid(d31f7495139b2cb41b9343b489b8551f) Importer(815301076,1909f56bfc062723c751e8b465ee728b)
Start importing Assets/Sounds/08-lose.mp3 using Guid(d31f7495139b2cb41b9343b489b8551f) Importer(815301076,1909f56bfc062723c751e8b465ee728b) [PhysX] Initialized MultithreadedTaskDispatcher with 14 workers.
[PhysX] Initialized MultithreadedTaskDispatcher with 14 workers.
 -> (artifact id: '4b3792b30abceaef7959c63f7985a089') in 0.004754 seconds
Number of updated asset objects reloaded before import = 0
Number of asset objects unloaded after import = 2
========================================================================
Received Import Request.
  Time since last request: 0.000035 seconds.
  path: Assets/Sounds/20-win.mp3
  artifactKey: Guid(194badb42a592f6479db4d51b638656d) Importer(815301076,1909f56bfc062723c751e8b465ee728b)
Start importing Assets/Sounds/20-win.mp3 using Guid(194badb42a592f6479db4d51b638656d) Importer(815301076,1909f56bfc062723c751e8b465ee728b) [PhysX] Initialized MultithreadedTaskDispatcher with 14 workers.
[PhysX] Initialized MultithreadedTaskDispatcher with 14 workers.
 -> (artifact id: '733748ee8c49afa53cf0585c7bc14307') in 0.006783 seconds
Number of updated asset objects reloaded before import = 0
Number of asset objects unloaded after import = 2
========================================================================
Received Import Request.
  Time since last request: 0.000058 seconds.
  path: Assets/Sounds/14-high-score.mp3
  artifactKey: Guid(2bbe756f656d9e14480a07b7985b7a4d) Importer(815301076,1909f56bfc062723c751e8b465ee728b)
Start importing Assets/Sounds/14-high-score.mp3 using Guid(2bbe756f656d9e14480a07b7985b7a4d) Importer(815301076,1909f56bfc062723c751e8b465ee728b) [PhysX] Initialized MultithreadedTaskDispatcher with 14 workers.
[PhysX] Initialized MultithreadedTaskDispatcher with 14 workers.
 -> (artifact id: '101507ae1ef9fb770c3515af7fb9838b') in 0.004058 seconds
Number of updated asset objects reloaded before import = 0
Number of asset objects unloaded after import = 2
========================================================================
Received Prepare
Caller must complete domain reload
Begin MonoManager ReloadAssembly
Thread 0x3197c7000 may have been prematurely finalized
- Loaded All Assemblies, in  0.154 seconds
Native extension for iOS target not found
Native extension for Android target not found
Native extension for OSXStandalone target not found
Native extension for WebGL target not found
Mono: successfully reloaded assembly
- Finished resetting the current domain, in  0.176 seconds
Domain Reload Profiling: 330ms
	BeginReloadAssembly (84ms)
		ExecutionOrderSort (0ms)
		DisableScriptedObjects (5ms)
		BackupInstance (0ms)
		ReleaseScriptingObjects (0ms)
		CreateAndSetChildDomain (18ms)
	RebuildCommonClasses (17ms)
	RebuildNativeTypeToScriptingClass (5ms)
	initialDomainReloadingComplete (10ms)
	LoadAllAssembliesAndSetupDomain (38ms)
		LoadAssemblies (75ms)
		RebuildTransferFunctionScriptingTraits (0ms)
		AnalyzeDomain (3ms)
			TypeCache.Refresh (2ms)
				TypeCache.ScanAssembly (0ms)
			ScanForSourceGeneratedMonoScriptInfo (0ms)
			ResolveRequiredComponents (0ms)
	FinalizeReload (176ms)
		ReleaseScriptCaches (0ms)
		RebuildScriptCaches (0ms)
		SetupLoadedEditorAssemblies (97ms)
			LogAssemblyErrors (0ms)
			InitializePlatformSupportModulesInManaged (13ms)
			SetLoadedEditorAssemblies (1ms)
			RefreshPlugins (0ms)
			BeforeProcessingInitializeOnLoad (12ms)
			ProcessInitializeOnLoadAttributes (61ms)
			ProcessInitializeOnLoadMethodAttributes (8ms)
			AfterProcessingInitializeOnLoad (0ms)
			EditorAssembliesLoaded (0ms)
		ExecutionOrderSort2 (0ms)
		AwakeInstancesAfterBackupRestoration (2ms)
Refreshing native plugins compatible for Editor in 0.08 ms, found 0 plugins.
Preloading 0 native plugins for Editor in 0.00 ms.
Unloading 57 Unused Serialized files (Serialized files now loaded: 0)
Unloading 3 unused Assets / (23.8 KB). Loaded Objects now: 542.
Memory consumption went from 72.5 MB to 72.5 MB.
Total: 1.702208 ms (FindLiveObjects: 0.017959 ms CreateObjectMapping: 0.002459 ms MarkObjects: 1.617666 ms  DeleteObjects: 0.063834 ms)

Prepare: number of updated asset objects reloaded= 0
AssetImportParameters requested are different than current active one (requested -> active):
  custom:container-muxer-webm: aa71ff27fc2769a1b78a27578f13a17b -> 
  custom:video-encoder-webm-vp8: eb34c28f22e8b96e1ab97ce403110664 -> 
  custom:framework-osx-AVFoundation: e770b220cccbd017edd2c1fefb359320 -> 
  custom:scripting/monoscript/fileName/DuckMovement.cs: b90f151bba38a5fad739ab7d021eb09f -> 
  custom:audio-encoder-webm-vorbis: bf7c407c2cedff20999df2af8eb42d56 -> 
  custom:scripting/monoscript/fileName/SetSpawnPoint.cs: 422625991aed8b8966c338b3121dafd4 -> 
  custom:scripting/monoscript/fileName/GameManager.cs: 9933fbcc6190e2a9171c2ec8808a053e -> 
  custom:container-demuxer-ogg: 62fdf1f143b41e24485cea50d1cbac27 -> 
  custom:video-decoder-webm-vp8: 9c59270c3fd7afecdb556c50c9e8de78 -> 
  custom:scripting/monoscript/fileName/DirectionChanger.cs: 3314b715c4eb62d14d3ece2b15ba861e -> 
  custom:scripting/monoscript/fileName/Shooter.cs: 350db0d8f87a1308d6bb3ae5de196e43 -> 
  custom:audio-decoder-ogg-vorbis: bf7c407c2cedff20999df2af8eb42d56 -> 
  custom:scripting/monoscript/fileName/StaticVars.cs: dac0a75432d5a73a2b8b628853c312e6 -> 
  custom:AudioImporter_EditorPlatform: 3918e3fc78b5a79bad01e8451be0beb8 -> 
  custom:video-decoder-ogg-theora: a1e56fd34408186e4bbccfd4996cb3dc -> 
  custom:container-demuxer-webm: 4f35f7cbe854078d1ac9338744f61a02 -> 
  custom:scripting/precompiled-assembly-types:Assembly-CSharp: 9bd7f8623f7bf0f4e634c2f7935829fd -> 
  custom:scripting/monoscript/fileName/StartGameTitle.cs: 2a37777c834518bc35759e36b6b8e6f3 -> 
  custom:scripting/monoscript/fileName/DogControl.cs: 44faf2bc8e67ead6521cbf9a70a4652a -> 
  custom:scripting/monoscript/fileName/PauseGame.cs: affc67fe8fee38e19b3cefd6a819d3c6 -> 
  custom:CustomObjectIndexerAttribute: 9a22284fe3817be447336de3de66b15e -> 
  custom:SearchIndexIgnoredProperties: e643bd26f0fe6173181afceb89e7c659 -> 
  custom:scripting/monoscript/fileName/DuckSpawn.cs: 265a123ff5b4641c5b1931eab71b90de -> 
  custom:scripting/monoscript/fileName/BackToMenu.cs: cda0dbb53d5b92b25089e8a7882f83a9 -> 
  custom:scripting/monoscript/fileName/DogLayerSwitch.cs: ffb41897b72bf60348e7bcbb42faba9a -> 
  custom:scripting/monoscript/fileName/DuckHealth.cs: 52be051fc88dc0911ecd6a98137f72c5 -> 
========================================================================
Received Prepare
Caller must complete domain reload
Begin MonoManager ReloadAssembly
Thread 0x3197c7000 may have been prematurely finalized
- Loaded All Assemblies, in  0.139 seconds
Native extension for iOS target not found
Native extension for Android target not found
Native extension for OSXStandalone target not found
Native extension for WebGL target not found
Mono: successfully reloaded assembly
- Finished resetting the current domain, in  0.175 seconds
Domain Reload Profiling: 314ms
	BeginReloadAssembly (64ms)
		ExecutionOrderSort (0ms)
		DisableScriptedObjects (3ms)
		BackupInstance (0ms)
		ReleaseScriptingObjects (0ms)
		CreateAndSetChildDomain (15ms)
	RebuildCommonClasses (17ms)
	RebuildNativeTypeToScriptingClass (5ms)
	initialDomainReloadingComplete (10ms)
	LoadAllAssembliesAndSetupDomain (42ms)
		LoadAssemblies (64ms)
		RebuildTransferFunctionScriptingTraits (0ms)
		AnalyzeDomain (5ms)
			TypeCache.Refresh (4ms)
				TypeCache.ScanAssembly (0ms)
			ScanForSourceGeneratedMonoScriptInfo (0ms)
			ResolveRequiredComponents (0ms)
	FinalizeReload (175ms)
		ReleaseScriptCaches (0ms)
		RebuildScriptCaches (0ms)
		SetupLoadedEditorAssemblies (97ms)
			LogAssemblyErrors (0ms)
			InitializePlatformSupportModulesInManaged (15ms)
			SetLoadedEditorAssemblies (1ms)
			RefreshPlugins (0ms)
			BeforeProcessingInitializeOnLoad (12ms)
			ProcessInitializeOnLoadAttributes (58ms)
			ProcessInitializeOnLoadMethodAttributes (10ms)
			AfterProcessingInitializeOnLoad (1ms)
			EditorAssembliesLoaded (0ms)
		ExecutionOrderSort2 (0ms)
		AwakeInstancesAfterBackupRestoration (2ms)
Refreshing native plugins compatible for Editor in 0.12 ms, found 0 plugins.
Preloading 0 native plugins for Editor in 0.00 ms.
Unloading 58 Unused Serialized files (Serialized files now loaded: 0)
Unloading 3 unused Assets / (23.9 KB). Loaded Objects now: 542.
Memory consumption went from 78.6 MB to 78.6 MB.
Total: 2.120125 ms (FindLiveObjects: 0.017166 ms CreateObjectMapping: 0.002209 ms MarkObjects: 1.792083 ms  DeleteObjects: 0.308417 ms)

Prepare: number of updated asset objects reloaded= 0
AssetImportParameters requested are different than current active one (requested -> active):
  custom:container-muxer-webm: aa71ff27fc2769a1b78a27578f13a17b -> 
  custom:video-encoder-webm-vp8: eb34c28f22e8b96e1ab97ce403110664 -> 
  custom:framework-osx-AVFoundation: e770b220cccbd017edd2c1fefb359320 -> 
  custom:scripting/monoscript/fileName/DuckMovement.cs: b90f151bba38a5fad739ab7d021eb09f -> 
  custom:audio-encoder-webm-vorbis: bf7c407c2cedff20999df2af8eb42d56 -> 
  custom:scripting/monoscript/fileName/SetSpawnPoint.cs: 422625991aed8b8966c338b3121dafd4 -> 
  custom:scripting/monoscript/fileName/GameManager.cs: 9933fbcc6190e2a9171c2ec8808a053e -> 
  custom:container-demuxer-ogg: 62fdf1f143b41e24485cea50d1cbac27 -> 
  custom:video-decoder-webm-vp8: 9c59270c3fd7afecdb556c50c9e8de78 -> 
  custom:scripting/monoscript/fileName/DirectionChanger.cs: 3314b715c4eb62d14d3ece2b15ba861e -> 
  custom:scripting/monoscript/fileName/Shooter.cs: 350db0d8f87a1308d6bb3ae5de196e43 -> 
  custom:audio-decoder-ogg-vorbis: bf7c407c2cedff20999df2af8eb42d56 -> 
  custom:scripting/monoscript/fileName/StaticVars.cs: dac0a75432d5a73a2b8b628853c312e6 -> 
  custom:AudioImporter_EditorPlatform: 3918e3fc78b5a79bad01e8451be0beb8 -> 
  custom:video-decoder-ogg-theora: a1e56fd34408186e4bbccfd4996cb3dc -> 
  custom:container-demuxer-webm: 4f35f7cbe854078d1ac9338744f61a02 -> 
  custom:scripting/precompiled-assembly-types:Assembly-CSharp: 9bd7f8623f7bf0f4e634c2f7935829fd -> 
  custom:scripting/monoscript/fileName/StartGameTitle.cs: 2a37777c834518bc35759e36b6b8e6f3 -> 
  custom:scripting/monoscript/fileName/DogControl.cs: 44faf2bc8e67ead6521cbf9a70a4652a -> 
  custom:scripting/monoscript/fileName/PauseGame.cs: affc67fe8fee38e19b3cefd6a819d3c6 -> 
  custom:CustomObjectIndexerAttribute: 9a22284fe3817be447336de3de66b15e -> 
  custom:SearchIndexIgnoredProperties: e643bd26f0fe6173181afceb89e7c659 -> 
  custom:scripting/monoscript/fileName/DuckSpawn.cs: 265a123ff5b4641c5b1931eab71b90de -> 
  custom:scripting/monoscript/fileName/BackToMenu.cs: cda0dbb53d5b92b25089e8a7882f83a9 -> 
  custom:scripting/monoscript/fileName/DogLayerSwitch.cs: ffb41897b72bf60348e7bcbb42faba9a -> 
  custom:scripting/monoscript/fileName/DuckHealth.cs: 52be051fc88dc0911ecd6a98137f72c5 -> 
========================================================================
Received Import Request.
  Time since last request: 290.432508 seconds.
  path: Assets/Fonts/Pixel Font.ttf
  artifactKey: Guid(2c08e1c417f727b42bc5eb25a2129353) Importer(815301076,1909f56bfc062723c751e8b465ee728b)
Start importing Assets/Fonts/Pixel Font.ttf using Guid(2c08e1c417f727b42bc5eb25a2129353) Importer(815301076,1909f56bfc062723c751e8b465ee728b) [PhysX] Initialized MultithreadedTaskDispatcher with 14 workers.
[PhysX] Initialized MultithreadedTaskDispatcher with 14 workers.
[PhysX] Initialized MultithreadedTaskDispatcher with 14 workers.
 -> (artifact id: '92909cf24e9aac2bf168dab73c8c4ef6') in 0.076126 seconds
Number of updated asset objects reloaded before import = 0
Number of asset objects unloaded after import = 4
========================================================================
Received Prepare
Caller must complete domain reload
Begin MonoManager ReloadAssembly
Thread 0x3197c7000 may have been prematurely finalized
- Loaded All Assemblies, in  0.139 seconds
Native extension for iOS target not found
Native extension for Android target not found
Native extension for OSXStandalone target not found
Native extension for WebGL target not found
Mono: successfully reloaded assembly
- Finished resetting the current domain, in  0.200 seconds
Domain Reload Profiling: 339ms
	BeginReloadAssembly (70ms)
		ExecutionOrderSort (0ms)
		DisableScriptedObjects (2ms)
		BackupInstance (0ms)
		ReleaseScriptingObjects (0ms)
		CreateAndSetChildDomain (22ms)
	RebuildCommonClasses (17ms)
	RebuildNativeTypeToScriptingClass (5ms)
	initialDomainReloadingComplete (10ms)
	LoadAllAssembliesAndSetupDomain (36ms)
		LoadAssemblies (59ms)
		RebuildTransferFunctionScriptingTraits (0ms)
		AnalyzeDomain (3ms)
			TypeCache.Refresh (3ms)
				TypeCache.ScanAssembly (0ms)
			ScanForSourceGeneratedMonoScriptInfo (0ms)
			ResolveRequiredComponents (0ms)
	FinalizeReload (200ms)
		ReleaseScriptCaches (0ms)
		RebuildScriptCaches (0ms)
		SetupLoadedEditorAssemblies (111ms)
			LogAssemblyErrors (0ms)
			InitializePlatformSupportModulesInManaged (18ms)
			SetLoadedEditorAssemblies (2ms)
			RefreshPlugins (0ms)
			BeforeProcessingInitializeOnLoad (12ms)
			ProcessInitializeOnLoadAttributes (68ms)
			ProcessInitializeOnLoadMethodAttributes (10ms)
			AfterProcessingInitializeOnLoad (1ms)
			EditorAssembliesLoaded (0ms)
		ExecutionOrderSort2 (0ms)
		AwakeInstancesAfterBackupRestoration (2ms)
Refreshing native plugins compatible for Editor in 0.14 ms, found 0 plugins.
Preloading 0 native plugins for Editor in 0.00 ms.
Unloading 57 Unused Serialized files (Serialized files now loaded: 0)
Unloading 3 unused Assets / (23.8 KB). Loaded Objects now: 579.
Memory consumption went from 85.2 MB to 85.2 MB.
Total: 1.649708 ms (FindLiveObjects: 0.018667 ms CreateObjectMapping: 0.002125 ms MarkObjects: 1.598500 ms  DeleteObjects: 0.030083 ms)

Prepare: number of updated asset objects reloaded= 0
AssetImportParameters requested are different than current active one (requested -> active):
  custom:container-muxer-webm: aa71ff27fc2769a1b78a27578f13a17b -> 
  custom:video-encoder-webm-vp8: eb34c28f22e8b96e1ab97ce403110664 -> 
  custom:framework-osx-AVFoundation: e770b220cccbd017edd2c1fefb359320 -> 
  custom:scripting/monoscript/fileName/DuckMovement.cs: b90f151bba38a5fad739ab7d021eb09f -> 
  custom:audio-encoder-webm-vorbis: bf7c407c2cedff20999df2af8eb42d56 -> 
  custom:scripting/monoscript/fileName/SetSpawnPoint.cs: 422625991aed8b8966c338b3121dafd4 -> 
  custom:scripting/monoscript/fileName/GameManager.cs: 9933fbcc6190e2a9171c2ec8808a053e -> 
  custom:container-demuxer-ogg: 62fdf1f143b41e24485cea50d1cbac27 -> 
  custom:video-decoder-webm-vp8: 9c59270c3fd7afecdb556c50c9e8de78 -> 
  custom:scripting/monoscript/fileName/DirectionChanger.cs: 3314b715c4eb62d14d3ece2b15ba861e -> 
  custom:scripting/monoscript/fileName/Shooter.cs: 350db0d8f87a1308d6bb3ae5de196e43 -> 
  custom:audio-decoder-ogg-vorbis: bf7c407c2cedff20999df2af8eb42d56 -> 
  custom:scripting/monoscript/fileName/StaticVars.cs: dac0a75432d5a73a2b8b628853c312e6 -> 
  custom:AudioImporter_EditorPlatform: 3918e3fc78b5a79bad01e8451be0beb8 -> 
  custom:video-decoder-ogg-theora: a1e56fd34408186e4bbccfd4996cb3dc -> 
  custom:container-demuxer-webm: 4f35f7cbe854078d1ac9338744f61a02 -> 
  custom:scripting/precompiled-assembly-types:Assembly-CSharp: 9bd7f8623f7bf0f4e634c2f7935829fd -> 
  custom:scripting/monoscript/fileName/StartGameTitle.cs: 2a37777c834518bc35759e36b6b8e6f3 -> 
  custom:scripting/monoscript/fileName/DogControl.cs: 44faf2bc8e67ead6521cbf9a70a4652a -> 
  custom:scripting/monoscript/fileName/PauseGame.cs: affc67fe8fee38e19b3cefd6a819d3c6 -> 
  custom:CustomObjectIndexerAttribute: 9a22284fe3817be447336de3de66b15e -> 
  custom:SearchIndexIgnoredProperties: e643bd26f0fe6173181afceb89e7c659 -> 
  custom:scripting/monoscript/fileName/DuckSpawn.cs: 265a123ff5b4641c5b1931eab71b90de -> 
  custom:scripting/monoscript/fileName/BackToMenu.cs: cda0dbb53d5b92b25089e8a7882f83a9 -> 
  custom:scripting/monoscript/fileName/DogLayerSwitch.cs: ffb41897b72bf60348e7bcbb42faba9a -> 
  custom:scripting/monoscript/fileName/DuckHealth.cs: 52be051fc88dc0911ecd6a98137f72c5 -> 
========================================================================
Received Import Request.
  Time since last request: 433.930811 seconds.
  path: Assets/Animations/10.anim
  artifactKey: Guid(7e5874463ca0cd7448c70b2452df4c3e) Importer(2089858483,0ecaa5967403d082aa24f35e1b516d23)
Start importing Assets/Animations/10.anim using Guid(7e5874463ca0cd7448c70b2452df4c3e) Importer(2089858483,0ecaa5967403d082aa24f35e1b516d23) [PhysX] Initialized MultithreadedTaskDispatcher with 14 workers.
 -> (artifact id: '0e3faf5eed027b4130478579eaf91606') in 0.065653 seconds
Number of updated asset objects reloaded before import = 0
Number of asset objects unloaded after import = 1
========================================================================
Received Import Request.
  Time since last request: 0.000055 seconds.
  path: Assets/Sprites/unused/dog.png
  artifactKey: Guid(6ebade9217b30d2418078268b90303e1) Importer(2089858483,0ecaa5967403d082aa24f35e1b516d23)
Start importing Assets/Sprites/unused/dog.png using Guid(6ebade9217b30d2418078268b90303e1) Importer(2089858483,0ecaa5967403d082aa24f35e1b516d23) [PhysX] Initialized MultithreadedTaskDispatcher with 14 workers.
 -> (artifact id: 'ad0afe5c0690ebeb2af34b6fb95516b6') in 0.036335 seconds
Number of updated asset objects reloaded before import = 0
Number of asset objects unloaded after import = 3
========================================================================
Received Import Request.
  Time since last request: 0.000039 seconds.
  path: Assets/Sprites/BG/sky3.png
  artifactKey: Guid(c380fc9a520791c4197ce3d7ceff0bec) Importer(2089858483,0ecaa5967403d082aa24f35e1b516d23)
Start importing Assets/Sprites/BG/sky3.png using Guid(c380fc9a520791c4197ce3d7ceff0bec) Importer(2089858483,0ecaa5967403d082aa24f35e1b516d23) [PhysX] Initialized MultithreadedTaskDispatcher with 14 workers.
 -> (artifact id: '59e720d31fc2be91a6fec1e247701f32') in 0.008142 seconds
Number of updated asset objects reloaded before import = 0
Number of asset objects unloaded after import = 1
========================================================================
Received Import Request.
  Time since last request: 0.000095 seconds.
  path: Assets/Sounds/16-skeet-2.mp3
  artifactKey: Guid(c36508d04422f354d817766547e39ee8) Importer(2089858483,0ecaa5967403d082aa24f35e1b516d23)
Start importing Assets/Sounds/16-skeet-2.mp3 using Guid(c36508d04422f354d817766547e39ee8) Importer(2089858483,0ecaa5967403d082aa24f35e1b516d23) [PhysX] Initialized MultithreadedTaskDispatcher with 14 workers.
 -> (artifact id: '93e567cfdc40160d3f9547148a94c69c') in 0.017813 seconds
Number of updated asset objects reloaded before import = 0
Number of asset objects unloaded after import = 1
========================================================================
Received Import Request.
  Time since last request: 0.000071 seconds.
  path: Assets/Sprites/unused/Custom-Edited---Duck-Hunt-Customs---Remade-Sprites2.png
  artifactKey: Guid(fc7c9d2dffcee5549875df690c199579) Importer(2089858483,0ecaa5967403d082aa24f35e1b516d23)
Start importing Assets/Sprites/unused/Custom-Edited---Duck-Hunt-Customs---Remade-Sprites2.png using Guid(fc7c9d2dffcee5549875df690c199579) Importer(2089858483,0ecaa5967403d082aa24f35e1b516d23) [PhysX] Initialized MultithreadedTaskDispatcher with 14 workers.
 -> (artifact id: '74ce4ec70a3a9ba76bb351fbf43acdde') in 0.008338 seconds
Number of updated asset objects reloaded before import = 0
Number of asset objects unloaded after import = 3
========================================================================
Received Import Request.
  Time since last request: 0.000060 seconds.
  path: Assets/Animations/duck fly left.anim
  artifactKey: Guid(020f9e30b530e3a4bb2798a615f3b1dc) Importer(2089858483,0ecaa5967403d082aa24f35e1b516d23)
Start importing Assets/Animations/duck fly left.anim using Guid(020f9e30b530e3a4bb2798a615f3b1dc) Importer(2089858483,0ecaa5967403d082aa24f35e1b516d23) [PhysX] Initialized MultithreadedTaskDispatcher with 14 workers.
 -> (artifact id: '0c353b3f8b9ec8af2626577688c3e8a9') in 0.002298 seconds
Number of updated asset objects reloaded before import = 0
Number of asset objects unloaded after import = 1
========================================================================
Received Import Request.
  Time since last request: 0.000095 seconds.
  path: Assets/Sounds/09-miss.mp3
  artifactKey: Guid(630e8a3b71c005a4da5817b6de8140cd) Importer(2089858483,0ecaa5967403d082aa24f35e1b516d23)
Start importing Assets/Sounds/09-miss.mp3 using Guid(630e8a3b71c005a4da5817b6de8140cd) Importer(2089858483,0ecaa5967403d082aa24f35e1b516d23) [PhysX] Initialized MultithreadedTaskDispatcher with 14 workers.
 -> (artifact id: '8e01bacb9f22d037ab138a82e3277a78') in 0.012063 seconds
Number of updated asset objects reloaded before import = 0
Number of asset objects unloaded after import = 1
========================================================================
Received Import Request.
  Time since last request: 0.000123 seconds.
  path: Assets/Sprites/BG/cloud.png
  artifactKey: Guid(231c602b29a09c444a2cf524be640823) Importer(2089858483,0ecaa5967403d082aa24f35e1b516d23)
Start importing Assets/Sprites/BG/cloud.png using Guid(231c602b29a09c444a2cf524be640823) Importer(2089858483,0ecaa5967403d082aa24f35e1b516d23) [PhysX] Initialized MultithreadedTaskDispatcher with 14 workers.
 -> (artifact id: '56ec905f272036bf0bfac4aeeedfd813') in 0.008292 seconds
Number of updated asset objects reloaded before import = 0
Number of asset objects unloaded after import = 3
========================================================================
Received Import Request.
  Time since last request: 0.000057 seconds.
  path: Assets/Animations/7.anim
  artifactKey: Guid(abd1429697ebc0449afd288cb95b8209) Importer(2089858483,0ecaa5967403d082aa24f35e1b516d23)
Start importing Assets/Animations/7.anim using Guid(abd1429697ebc0449afd288cb95b8209) Importer(2089858483,0ecaa5967403d082aa24f35e1b516d23) [PhysX] Initialized MultithreadedTaskDispatcher with 14 workers.
 -> (artifact id: '0a3a050cfb835b0f92312ff23da2fa65') in 0.003518 seconds
Number of updated asset objects reloaded before import = 0
Number of asset objects unloaded after import = 1
========================================================================
Received Import Request.
  Time since last request: 0.000168 seconds.
  path: Assets/Scripts/PauseGame.cs
  artifactKey: Guid(86b2f6a7b64341d47bf565ae83fff8cc) Importer(2089858483,0ecaa5967403d082aa24f35e1b516d23)
Start importing Assets/Scripts/PauseGame.cs using Guid(86b2f6a7b64341d47bf565ae83fff8cc) Importer(2089858483,0ecaa5967403d082aa24f35e1b516d23) [PhysX] Initialized MultithreadedTaskDispatcher with 14 workers.
 -> (artifact id: '3ea27fa24b4a73793cf0b683f642e401') in 0.003208 seconds
Number of updated asset objects reloaded before import = 0
Number of asset objects unloaded after import = 1
========================================================================
Received Import Request.
  Time since last request: 0.000123 seconds.
  path: Assets/Animations/duck anim controller.controller
  artifactKey: Guid(5d8c0efe613c21f449d8a285147fac8b) Importer(2089858483,0ecaa5967403d082aa24f35e1b516d23)
Start importing Assets/Animations/duck anim controller.controller using Guid(5d8c0efe613c21f449d8a285147fac8b) Importer(2089858483,0ecaa5967403d082aa24f35e1b516d23) [PhysX] Initialized MultithreadedTaskDispatcher with 14 workers.
 -> (artifact id: 'a02110946b7265bb7ce352e1ab871043') in 0.004422 seconds
Number of updated asset objects reloaded before import = 0
Number of asset objects unloaded after import = 15
========================================================================
Received Import Request.
  Time since last request: 0.000101 seconds.
  path: Assets/Scripts/StaticVars.cs
  artifactKey: Guid(9385213c385cae347b320bbaddca0486) Importer(2089858483,0ecaa5967403d082aa24f35e1b516d23)
Start importing Assets/Scripts/StaticVars.cs using Guid(9385213c385cae347b320bbaddca0486) Importer(2089858483,0ecaa5967403d082aa24f35e1b516d23) [PhysX] Initialized MultithreadedTaskDispatcher with 14 workers.
 -> (artifact id: '8786f2d17622c58727b1148752d0a3b8') in 0.001620 seconds
Number of updated asset objects reloaded before import = 0
Number of asset objects unloaded after import = 1
========================================================================
Received Import Request.
  Time since last request: 0.000138 seconds.
  path: Assets/Scenes/GameOver.unity
  artifactKey: Guid(714a1e329f99b06409361501a8bfce51) Importer(2089858483,0ecaa5967403d082aa24f35e1b516d23)
Start importing Assets/Scenes/GameOver.unity using Guid(714a1e329f99b06409361501a8bfce51) Importer(2089858483,0ecaa5967403d082aa24f35e1b516d23) [PhysX] Initialized MultithreadedTaskDispatcher with 14 workers.
 -> (artifact id: '8d8e47576752b05a07346730ea9dee40') in 0.000963 seconds
Number of updated asset objects reloaded before import = 0
Number of asset objects unloaded after import = 1
========================================================================
Received Import Request.
  Time since last request: 0.000088 seconds.
  path: Assets/Sounds/13-point.mp3
  artifactKey: Guid(88f35ed277238b944b14451d5aad4ecb) Importer(2089858483,0ecaa5967403d082aa24f35e1b516d23)
Start importing Assets/Sounds/13-point.mp3 using Guid(88f35ed277238b944b14451d5aad4ecb) Importer(2089858483,0ecaa5967403d082aa24f35e1b516d23) [PhysX] Initialized MultithreadedTaskDispatcher with 14 workers.
 -> (artifact id: '0bfa745cf5841ee9ec75df170646661a') in 0.012865 seconds
Number of updated asset objects reloaded before import = 0
Number of asset objects unloaded after import = 1
========================================================================
Received Import Request.
  Time since last request: 0.000111 seconds.
  path: Assets/Scripts/SetSpawnPoint.cs
  artifactKey: Guid(677a4f20955f24b468a384fce77cc51f) Importer(2089858483,0ecaa5967403d082aa24f35e1b516d23)
Start importing Assets/Scripts/SetSpawnPoint.cs using Guid(677a4f20955f24b468a384fce77cc51f) Importer(2089858483,0ecaa5967403d082aa24f35e1b516d23) [PhysX] Initialized MultithreadedTaskDispatcher with 14 workers.
 -> (artifact id: 'fd0a65c89bd4dd0436e4488b05f98fc4') in 0.002169 seconds
Number of updated asset objects reloaded before import = 0
Number of asset objects unloaded after import = 1
========================================================================
Received Import Request.
  Time since last request: 0.000114 seconds.
  path: Assets/Sounds/01-bark.mp3
  artifactKey: Guid(b73a82f4ded9d894cb89ef06d548b8a5) Importer(2089858483,0ecaa5967403d082aa24f35e1b516d23)
Start importing Assets/Sounds/01-bark.mp3 using Guid(b73a82f4ded9d894cb89ef06d548b8a5) Importer(2089858483,0ecaa5967403d082aa24f35e1b516d23) [PhysX] Initialized MultithreadedTaskDispatcher with 14 workers.
 -> (artifact id: '82008f93f84f9ebb464aa45f996648dd') in 0.012213 seconds
Number of updated asset objects reloaded before import = 0
Number of asset objects unloaded after import = 1
========================================================================
Received Import Request.
  Time since last request: 0.000147 seconds.
  path: Assets/Sprites/BG/grass.png
  artifactKey: Guid(df35cfeac5f0d5045b6e51191fb308e6) Importer(2089858483,0ecaa5967403d082aa24f35e1b516d23)
Start importing Assets/Sprites/BG/grass.png using Guid(df35cfeac5f0d5045b6e51191fb308e6) Importer(2089858483,0ecaa5967403d082aa24f35e1b516d23) [PhysX] Initialized MultithreadedTaskDispatcher with 14 workers.
 -> (artifact id: '48a63248aa71f81f8423ce8906076e8c') in 0.008445 seconds
Number of updated asset objects reloaded before import = 0
Number of asset objects unloaded after import = 3
========================================================================
Received Import Request.
  Time since last request: 0.000093 seconds.
  path: Assets/Sprites/BG/sky2.png
  artifactKey: Guid(4f69539d1fdd321469083c719d42ea81) Importer(2089858483,0ecaa5967403d082aa24f35e1b516d23)
Start importing Assets/Sprites/BG/sky2.png using Guid(4f69539d1fdd321469083c719d42ea81) Importer(2089858483,0ecaa5967403d082aa24f35e1b516d23) [PhysX] Initialized MultithreadedTaskDispatcher with 14 workers.
 -> (artifact id: '1f2095cad782867bb0d36d398166d1f0') in 0.017204 seconds
Number of updated asset objects reloaded before import = 0
Number of asset objects unloaded after import = 3
========================================================================
Received Import Request.
  Time since last request: 0.000066 seconds.
  path: Assets/Animations/duck fall.anim
  artifactKey: Guid(3f044312e6c78e145937be7d8f4d05eb) Importer(2089858483,0ecaa5967403d082aa24f35e1b516d23)
Start importing Assets/Animations/duck fall.anim using Guid(3f044312e6c78e145937be7d8f4d05eb) Importer(2089858483,0ecaa5967403d082aa24f35e1b516d23) [PhysX] Initialized MultithreadedTaskDispatcher with 14 workers.
 -> (artifact id: '73c6a9ce0d65065d2f214189881f2ea4') in 0.002356 seconds
Number of updated asset objects reloaded before import = 0
Number of asset objects unloaded after import = 1
========================================================================
Received Import Request.
  Time since last request: 0.001540 seconds.
  path: Assets/Sounds/20-win.mp3
  artifactKey: Guid(194badb42a592f6479db4d51b638656d) Importer(2089858483,0ecaa5967403d082aa24f35e1b516d23)
Start importing Assets/Sounds/20-win.mp3 using Guid(194badb42a592f6479db4d51b638656d) Importer(2089858483,0ecaa5967403d082aa24f35e1b516d23) [PhysX] Initialized MultithreadedTaskDispatcher with 14 workers.
 -> (artifact id: '61d0907ad074f6cc52f19db66068ee19') in 0.017629 seconds
Number of updated asset objects reloaded before import = 0
Number of asset objects unloaded after import = 1
========================================================================
Received Import Request.
  Time since last request: 0.000149 seconds.
  path: Assets/Scripts/DirectionChanger.cs
  artifactKey: Guid(725ea183124f56549a8b03393d14786f) Importer(2089858483,0ecaa5967403d082aa24f35e1b516d23)
Start importing Assets/Scripts/DirectionChanger.cs using Guid(725ea183124f56549a8b03393d14786f) Importer(2089858483,0ecaa5967403d082aa24f35e1b516d23) [PhysX] Initialized MultithreadedTaskDispatcher with 14 workers.
 -> (artifact id: '0430b1ac05fa44a9389769412eeec50b') in 0.002734 seconds
Number of updated asset objects reloaded before import = 0
Number of asset objects unloaded after import = 1
========================================================================
Received Import Request.
  Time since last request: 0.000251 seconds.
  path: Assets/Animations/duck up right.anim
  artifactKey: Guid(6fca7b8595092b84f9b9c41276ed17e9) Importer(2089858483,0ecaa5967403d082aa24f35e1b516d23)
Start importing Assets/Animations/duck up right.anim using Guid(6fca7b8595092b84f9b9c41276ed17e9) Importer(2089858483,0ecaa5967403d082aa24f35e1b516d23) [PhysX] Initialized MultithreadedTaskDispatcher with 14 workers.
 -> (artifact id: '8ed33bf5ddb0a46997bf19a98b2743f1') in 0.002712 seconds
Number of updated asset objects reloaded before import = 0
Number of asset objects unloaded after import = 1
========================================================================
Received Import Request.
  Time since last request: 0.001718 seconds.
  path: Assets/Sounds/04-duck.mp3
  artifactKey: Guid(05e5bf55c574f9e4598ddd79b522acaf) Importer(2089858483,0ecaa5967403d082aa24f35e1b516d23)
Start importing Assets/Sounds/04-duck.mp3 using Guid(05e5bf55c574f9e4598ddd79b522acaf) Importer(2089858483,0ecaa5967403d082aa24f35e1b516d23) [PhysX] Initialized MultithreadedTaskDispatcher with 14 workers.
 -> (artifact id: '155ff85768fcd669a4e8c65f25958483') in 0.011897 seconds
Number of updated asset objects reloaded before import = 0
Number of asset objects unloaded after import = 1
========================================================================
Received Import Request.
  Time since last request: 0.000143 seconds.
  path: Assets/Animations/9.anim
  artifactKey: Guid(9eb92aafa5f5784408319ab436e0b3c9) Importer(2089858483,0ecaa5967403d082aa24f35e1b516d23)
Start importing Assets/Animations/9.anim using Guid(9eb92aafa5f5784408319ab436e0b3c9) Importer(2089858483,0ecaa5967403d082aa24f35e1b516d23) [PhysX] Initialized MultithreadedTaskDispatcher with 14 workers.
 -> (artifact id: '0daafce67596eb44c8c007dfd33f5ec4') in 0.002418 seconds
Number of updated asset objects reloaded before import = 0
Number of asset objects unloaded after import = 1
========================================================================
Received Import Request.
  Time since last request: 0.004999 seconds.
  path: Assets/Animations/no flash.anim
  artifactKey: Guid(abe16db54b9dbe24499ec83482d17704) Importer(2089858483,0ecaa5967403d082aa24f35e1b516d23)
Start importing Assets/Animations/no flash.anim using Guid(abe16db54b9dbe24499ec83482d17704) Importer(2089858483,0ecaa5967403d082aa24f35e1b516d23) [PhysX] Initialized MultithreadedTaskDispatcher with 14 workers.
 -> (artifact id: '02a84abfdc108b2515b745b19394519e') in 0.003195 seconds
Number of updated asset objects reloaded before import = 0
Number of asset objects unloaded after import = 1
========================================================================
Received Import Request.
  Time since last request: 0.000356 seconds.
  path: Assets/Sounds/18-start-round.mp3
  artifactKey: Guid(a7a3414a6af2f9e41a58a6800413a23b) Importer(2089858483,0ecaa5967403d082aa24f35e1b516d23)
Start importing Assets/Sounds/18-start-round.mp3 using Guid(a7a3414a6af2f9e41a58a6800413a23b) Importer(2089858483,0ecaa5967403d082aa24f35e1b516d23) [PhysX] Initialized MultithreadedTaskDispatcher with 14 workers.
 -> (artifact id: '7f69c5918fdb198596c7f09923d9c062') in 0.014995 seconds
Number of updated asset objects reloaded before import = 0
Number of asset objects unloaded after import = 1
========================================================================
Received Import Request.
  Time since last request: 0.002102 seconds.
  path: Assets/Sounds/02-blast.mp3
  artifactKey: Guid(256384f68f48eef4b8411822127306d4) Importer(2089858483,0ecaa5967403d082aa24f35e1b516d23)
Start importing Assets/Sounds/02-blast.mp3 using Guid(256384f68f48eef4b8411822127306d4) Importer(2089858483,0ecaa5967403d082aa24f35e1b516d23) [PhysX] Initialized MultithreadedTaskDispatcher with 14 workers.
 -> (artifact id: 'da948af189bee0093d2033617da2eac0') in 0.013254 seconds
Number of updated asset objects reloaded before import = 0
Number of asset objects unloaded after import = 1
========================================================================
Received Import Request.
  Time since last request: 0.000581 seconds.
  path: Assets/Sounds/11-pauze.mp3
  artifactKey: Guid(cc155e54ac62c46498c736ec4a51fad9) Importer(2089858483,0ecaa5967403d082aa24f35e1b516d23)
Start importing Assets/Sounds/11-pauze.mp3 using Guid(cc155e54ac62c46498c736ec4a51fad9) Importer(2089858483,0ecaa5967403d082aa24f35e1b516d23) [PhysX] Initialized MultithreadedTaskDispatcher with 14 workers.
 -> (artifact id: '5df2220b4e52f1b478ad6a08cb37f8e3') in 0.011245 seconds
Number of updated asset objects reloaded before import = 0
Number of asset objects unloaded after import = 1
========================================================================
Received Import Request.
  Time since last request: 0.001883 seconds.
  path: Assets/Animations/4.anim
  artifactKey: Guid(1eefde82ffaf7194cb24a4020cc5aa3c) Importer(2089858483,0ecaa5967403d082aa24f35e1b516d23)
Start importing Assets/Animations/4.anim using Guid(1eefde82ffaf7194cb24a4020cc5aa3c) Importer(2089858483,0ecaa5967403d082aa24f35e1b516d23) [PhysX] Initialized MultithreadedTaskDispatcher with 14 workers.
 -> (artifact id: '7daef52bbf490f496b221731b19f0791') in 0.002712 seconds
Number of updated asset objects reloaded before import = 0
Number of asset objects unloaded after import = 1
========================================================================
Received Import Request.
  Time since last request: 0.000170 seconds.
  path: Assets/Sprites/Other/gui.png
  artifactKey: Guid(1d1267771d1de684c9f2f859758a8b31) Importer(2089858483,0ecaa5967403d082aa24f35e1b516d23)
Start importing Assets/Sprites/Other/gui.png using Guid(1d1267771d1de684c9f2f859758a8b31) Importer(2089858483,0ecaa5967403d082aa24f35e1b516d23) [PhysX] Initialized MultithreadedTaskDispatcher with 14 workers.
 -> (artifact id: '2ee32ad92b208589424e3278611864ee') in 0.020175 seconds
Number of updated asset objects reloaded before import = 0
Number of asset objects unloaded after import = 20
========================================================================
Received Import Request.
  Time since last request: 0.008696 seconds.
  path: Assets/Scripts/DogControl.cs
  artifactKey: Guid(a4ce80612794d4244a5bc2728f46a6bb) Importer(2089858483,0ecaa5967403d082aa24f35e1b516d23)
Start importing Assets/Scripts/DogControl.cs using Guid(a4ce80612794d4244a5bc2728f46a6bb) Importer(2089858483,0ecaa5967403d082aa24f35e1b516d23) [PhysX] Initialized MultithreadedTaskDispatcher with 14 workers.
 -> (artifact id: '36b3dcaba5cedf1adfa9108144ddc504') in 0.001812 seconds
Number of updated asset objects reloaded before import = 0
Number of asset objects unloaded after import = 1
========================================================================
Received Import Request.
  Time since last request: 0.000110 seconds.
  path: Assets/Animations/duck gui  flash.controller
  artifactKey: Guid(da301f2decb593140977721fe8f44f37) Importer(2089858483,0ecaa5967403d082aa24f35e1b516d23)
Start importing Assets/Animations/duck gui  flash.controller using Guid(da301f2decb593140977721fe8f44f37) Importer(2089858483,0ecaa5967403d082aa24f35e1b516d23) [PhysX] Initialized MultithreadedTaskDispatcher with 14 workers.
 -> (artifact id: 'e74b76ca12672f0bcf6de94def418f9d') in 0.002791 seconds
Number of updated asset objects reloaded before import = 0
Number of asset objects unloaded after import = 25
========================================================================
Received Import Request.
  Time since last request: 0.000058 seconds.
  path: Assets/Animations/GameOverLaugh.anim
  artifactKey: Guid(e72cccd9c504189458c7c28e31f6917a) Importer(2089858483,0ecaa5967403d082aa24f35e1b516d23)
Start importing Assets/Animations/GameOverLaugh.anim using Guid(e72cccd9c504189458c7c28e31f6917a) Importer(2089858483,0ecaa5967403d082aa24f35e1b516d23) [PhysX] Initialized MultithreadedTaskDispatcher with 14 workers.
 -> (artifact id: 'd93e3cd01abf731de5458c8ed51e713c') in 0.002704 seconds
Number of updated asset objects reloaded before import = 0
Number of asset objects unloaded after import = 1
========================================================================
Received Import Request.
  Time since last request: 0.000070 seconds.
  path: Assets/Animations/dog walking.anim
  artifactKey: Guid(e1bdd33c5870bc9448dc5ee009593f3e) Importer(2089858483,0ecaa5967403d082aa24f35e1b516d23)
Start importing Assets/Animations/dog walking.anim using Guid(e1bdd33c5870bc9448dc5ee009593f3e) Importer(2089858483,0ecaa5967403d082aa24f35e1b516d23) [PhysX] Initialized MultithreadedTaskDispatcher with 14 workers.
 -> (artifact id: 'a9bfe108e8c298f356733ba6212f9380') in 0.002731 seconds
Number of updated asset objects reloaded before import = 0
Number of asset objects unloaded after import = 1
========================================================================
Received Import Request.
  Time since last request: 0.000065 seconds.
  path: Assets/Animations/dog popup.anim
  artifactKey: Guid(9b483c4d0b4372c4180b999dc67da785) Importer(2089858483,0ecaa5967403d082aa24f35e1b516d23)
Start importing Assets/Animations/dog popup.anim using Guid(9b483c4d0b4372c4180b999dc67da785) Importer(2089858483,0ecaa5967403d082aa24f35e1b516d23) [PhysX] Initialized MultithreadedTaskDispatcher with 14 workers.
 -> (artifact id: '2d5456602b221db8a9b057b274689c56') in 0.001907 seconds
Number of updated asset objects reloaded before import = 0
Number of asset objects unloaded after import = 1
========================================================================
Received Import Request.
  Time since last request: 0.000056 seconds.
  path: Assets/Sounds/dog walking.anim
  artifactKey: Guid(f731b82b5c02cbd4c9174aa871e24a9a) Importer(2089858483,0ecaa5967403d082aa24f35e1b516d23)
Start importing Assets/Sounds/dog walking.anim using Guid(f731b82b5c02cbd4c9174aa871e24a9a) Importer(2089858483,0ecaa5967403d082aa24f35e1b516d23) [PhysX] Initialized MultithreadedTaskDispatcher with 14 workers.
 -> (artifact id: '1ad8baa378aed17b493c0f3d82bee103') in 0.002701 seconds
Number of updated asset objects reloaded before import = 0
Number of asset objects unloaded after import = 1
========================================================================
Received Import Request.
  Time since last request: 0.000060 seconds.
  path: Assets/Sprites/Other/duck-hunt.png
  artifactKey: Guid(21ed1d4c053eb2d4c9f4088d468995e4) Importer(2089858483,0ecaa5967403d082aa24f35e1b516d23)
Start importing Assets/Sprites/Other/duck-hunt.png using Guid(21ed1d4c053eb2d4c9f4088d468995e4) Importer(2089858483,0ecaa5967403d082aa24f35e1b516d23) [PhysX] Initialized MultithreadedTaskDispatcher with 14 workers.
 -> (artifact id: '886a5465910d8613db3cab1187062110') in 0.007503 seconds
Number of updated asset objects reloaded before import = 0
Number of asset objects unloaded after import = 3
========================================================================
Received Import Request.
  Time since last request: 0.000047 seconds.
  path: Assets/Animations/3.anim
  artifactKey: Guid(9d1ef035c8f394547805cf9d777e200e) Importer(2089858483,0ecaa5967403d082aa24f35e1b516d23)
Start importing Assets/Animations/3.anim using Guid(9d1ef035c8f394547805cf9d777e200e) Importer(2089858483,0ecaa5967403d082aa24f35e1b516d23) [PhysX] Initialized MultithreadedTaskDispatcher with 14 workers.
 -> (artifact id: '9cde344bedc7a2d14063ad29aaefb7cb') in 0.001935 seconds
Number of updated asset objects reloaded before import = 0
Number of asset objects unloaded after import = 1
========================================================================
Received Import Request.
  Time since last request: 0.000090 seconds.
  path: Assets/Sprites/BG/round.png
  artifactKey: Guid(fd8af952edaa9cf4d96bad48a0b7ec0e) Importer(2089858483,0ecaa5967403d082aa24f35e1b516d23)
Start importing Assets/Sprites/BG/round.png using Guid(fd8af952edaa9cf4d96bad48a0b7ec0e) Importer(2089858483,0ecaa5967403d082aa24f35e1b516d23) [PhysX] Initialized MultithreadedTaskDispatcher with 14 workers.
 -> (artifact id: 'b25d46c1649f5d545659572557be8df9') in 0.008132 seconds
Number of updated asset objects reloaded before import = 0
Number of asset objects unloaded after import = 3
========================================================================
Received Import Request.
  Time since last request: 0.000080 seconds.
  path: Assets/Animations/dog idle.anim
  artifactKey: Guid(4be3e817a81b3c5469f10e1801ca85d1) Importer(2089858483,0ecaa5967403d082aa24f35e1b516d23)
Start importing Assets/Animations/dog idle.anim using Guid(4be3e817a81b3c5469f10e1801ca85d1) Importer(2089858483,0ecaa5967403d082aa24f35e1b516d23) [PhysX] Initialized MultithreadedTaskDispatcher with 14 workers.
 -> (artifact id: '075c968f2070cc4e2739a82b6cc42fac') in 0.002563 seconds
Number of updated asset objects reloaded before import = 0
Number of asset objects unloaded after import = 1
========================================================================
Received Import Request.
  Time since last request: 0.000155 seconds.
  path: Assets/Scripts/DuckSpawn.cs
  artifactKey: Guid(c02898079dfe78749be638742c520b85) Importer(2089858483,0ecaa5967403d082aa24f35e1b516d23)
Start importing Assets/Scripts/DuckSpawn.cs using Guid(c02898079dfe78749be638742c520b85) Importer(2089858483,0ecaa5967403d082aa24f35e1b516d23) [PhysX] Initialized MultithreadedTaskDispatcher with 14 workers.
 -> (artifact id: 'dc600ee196956cc0ca493d91f106b2b4') in 0.002413 seconds
Number of updated asset objects reloaded before import = 0
Number of asset objects unloaded after import = 1
========================================================================
Received Import Request.
  Time since last request: 0.000119 seconds.
  path: Assets/Sprites/unused/sprite.png
  artifactKey: Guid(421db67bfadd1394d82eb7cd17b0ab51) Importer(2089858483,0ecaa5967403d082aa24f35e1b516d23)
Start importing Assets/Sprites/unused/sprite.png using Guid(421db67bfadd1394d82eb7cd17b0ab51) Importer(2089858483,0ecaa5967403d082aa24f35e1b516d23) [PhysX] Initialized MultithreadedTaskDispatcher with 14 workers.
 -> (artifact id: '3cb0e91b9a5978003d88f208fb84d2b8') in 0.008381 seconds
Number of updated asset objects reloaded before import = 0
Number of asset objects unloaded after import = 3
========================================================================
Received Import Request.
  Time since last request: 0.000061 seconds.
  path: Assets/Sprites/Other/play.png
  artifactKey: Guid(ec5b3173c556a494db24a6d930311781) Importer(2089858483,0ecaa5967403d082aa24f35e1b516d23)
Start importing Assets/Sprites/Other/play.png using Guid(ec5b3173c556a494db24a6d930311781) Importer(2089858483,0ecaa5967403d082aa24f35e1b516d23) [PhysX] Initialized MultithreadedTaskDispatcher with 14 workers.
 -> (artifact id: 'fbb45ea6c7a20c2fbbe7180244feb502') in 0.011455 seconds
Number of updated asset objects reloaded before import = 0
Number of asset objects unloaded after import = 3
========================================================================
Received Import Request.
  Time since last request: 0.000110 seconds.
  path: Assets/Sounds/03-drop.mp3
  artifactKey: Guid(0c7a99fa1d3b8c44b8dc135a764f1a7c) Importer(2089858483,0ecaa5967403d082aa24f35e1b516d23)
Start importing Assets/Sounds/03-drop.mp3 using Guid(0c7a99fa1d3b8c44b8dc135a764f1a7c) Importer(2089858483,0ecaa5967403d082aa24f35e1b516d23) [PhysX] Initialized MultithreadedTaskDispatcher with 14 workers.
 -> (artifact id: 'a5d49828840df92638c960c667c8897c') in 0.011204 seconds
Number of updated asset objects reloaded before import = 0
Number of asset objects unloaded after import = 1
========================================================================
Received Import Request.
  Time since last request: 0.000103 seconds.
  path: Assets/Animations/dog laugh.anim
  artifactKey: Guid(938f0cba32a6f57479627df7a5deb3dc) Importer(2089858483,0ecaa5967403d082aa24f35e1b516d23)
Start importing Assets/Animations/dog laugh.anim using Guid(938f0cba32a6f57479627df7a5deb3dc) Importer(2089858483,0ecaa5967403d082aa24f35e1b516d23) [PhysX] Initialized MultithreadedTaskDispatcher with 14 workers.
 -> (artifact id: '7f8d62e264e55bc6904fa3b6a1546d56') in 0.002305 seconds
Number of updated asset objects reloaded before import = 0
Number of asset objects unloaded after import = 1
========================================================================
Received Import Request.
  Time since last request: 0.000072 seconds.
  path: Assets/Fonts/Pixel Font.ttf
  artifactKey: Guid(2c08e1c417f727b42bc5eb25a2129353) Importer(2089858483,0ecaa5967403d082aa24f35e1b516d23)
Start importing Assets/Fonts/Pixel Font.ttf using Guid(2c08e1c417f727b42bc5eb25a2129353) Importer(2089858483,0ecaa5967403d082aa24f35e1b516d23) [PhysX] Initialized MultithreadedTaskDispatcher with 14 workers.
 -> (artifact id: 'f5e3e90b47906d317537524f31696336') in 0.005133 seconds
Number of updated asset objects reloaded before import = 0
Number of asset objects unloaded after import = 3
========================================================================
Received Import Request.
  Time since last request: 0.000073 seconds.
  path: Assets/Scripts/DogLayerSwitch.cs
  artifactKey: Guid(c16d1ddd3a31d2f408c140ed0d3b2dbc) Importer(2089858483,0ecaa5967403d082aa24f35e1b516d23)
Start importing Assets/Scripts/DogLayerSwitch.cs using Guid(c16d1ddd3a31d2f408c140ed0d3b2dbc) Importer(2089858483,0ecaa5967403d082aa24f35e1b516d23) [PhysX] Initialized MultithreadedTaskDispatcher with 14 workers.
 -> (artifact id: '2445f9b4362ce62f3c8bcd32ae67702f') in 0.001611 seconds
Number of updated asset objects reloaded before import = 0
Number of asset objects unloaded after import = 1
========================================================================
Received Import Request.
  Time since last request: 0.000106 seconds.
  path: Assets/Fonts/duck_hunt.ttf
  artifactKey: Guid(c5b152b66c781014f92000fd10bd20f4) Importer(2089858483,0ecaa5967403d082aa24f35e1b516d23)
Start importing Assets/Fonts/duck_hunt.ttf using Guid(c5b152b66c781014f92000fd10bd20f4) Importer(2089858483,0ecaa5967403d082aa24f35e1b516d23) [PhysX] Initialized MultithreadedTaskDispatcher with 14 workers.
 -> (artifact id: 'f6dd99f4a327922671494ecfda4cb2af') in 0.005954 seconds
Number of updated asset objects reloaded before import = 0
Number of asset objects unloaded after import = 3
========================================================================
Received Import Request.
  Time since last request: 0.000085 seconds.
  path: Assets/Sprites/unused/duck1.png
  artifactKey: Guid(4b98f89aff92aee4fa52b1722415f321) Importer(2089858483,0ecaa5967403d082aa24f35e1b516d23)
Start importing Assets/Sprites/unused/duck1.png using Guid(4b98f89aff92aee4fa52b1722415f321) Importer(2089858483,0ecaa5967403d082aa24f35e1b516d23) [PhysX] Initialized MultithreadedTaskDispatcher with 14 workers.
 -> (artifact id: 'ea3802e7b0e4d4f215d09299c982b4dd') in 0.008827 seconds
Number of updated asset objects reloaded before import = 0
Number of asset objects unloaded after import = 3
========================================================================
Received Import Request.
  Time since last request: 0.000095 seconds.
  path: Assets/Animations/duck death.anim
  artifactKey: Guid(52f152e04567f384aa44360097cffce9) Importer(2089858483,0ecaa5967403d082aa24f35e1b516d23)
Start importing Assets/Animations/duck death.anim using Guid(52f152e04567f384aa44360097cffce9) Importer(2089858483,0ecaa5967403d082aa24f35e1b516d23) [PhysX] Initialized MultithreadedTaskDispatcher with 14 workers.
 -> (artifact id: '448a62b04220baabdf097653b9d86542') in 0.002090 seconds
Number of updated asset objects reloaded before import = 0
Number of asset objects unloaded after import = 1
========================================================================
Received Import Request.
  Time since last request: 0.000108 seconds.
  path: Assets/Sprites/duck/ducks.png
  artifactKey: Guid(1d1e59c14622be34287577888b4b3f06) Importer(2089858483,0ecaa5967403d082aa24f35e1b516d23)
Start importing Assets/Sprites/duck/ducks.png using Guid(1d1e59c14622be34287577888b4b3f06) Importer(2089858483,0ecaa5967403d082aa24f35e1b516d23) [PhysX] Initialized MultithreadedTaskDispatcher with 14 workers.
 -> (artifact id: '4ae1bd46789b341b22016e99f678bc13') in 0.034292 seconds
Number of updated asset objects reloaded before import = 0
Number of asset objects unloaded after import = 35
========================================================================
Received Import Request.
  Time since last request: 0.007762 seconds.
  path: Assets/Sprites/duck/duck2 blue/duck2 fly.controller
  artifactKey: Guid(dc84fc196461f794786454a6dd6bb694) Importer(2089858483,0ecaa5967403d082aa24f35e1b516d23)
Start importing Assets/Sprites/duck/duck2 blue/duck2 fly.controller using Guid(dc84fc196461f794786454a6dd6bb694) Importer(2089858483,0ecaa5967403d082aa24f35e1b516d23) [PhysX] Initialized MultithreadedTaskDispatcher with 14 workers.
 -> (artifact id: 'd85cbb90b941938aaddee5b7ee69b0e0') in 0.002047 seconds
Number of updated asset objects reloaded before import = 0
Number of asset objects unloaded after import = 4
========================================================================
Received Import Request.
  Time since last request: 0.000067 seconds.
  path: Assets/Sprites/duck/duck2 blue/duck2 flying.anim
  artifactKey: Guid(03361c7d8718ad84e9becae9b1dfe4aa) Importer(2089858483,0ecaa5967403d082aa24f35e1b516d23)
Start importing Assets/Sprites/duck/duck2 blue/duck2 flying.anim using Guid(03361c7d8718ad84e9becae9b1dfe4aa) Importer(2089858483,0ecaa5967403d082aa24f35e1b516d23) [PhysX] Initialized MultithreadedTaskDispatcher with 14 workers.
 -> (artifact id: '1aa1387716693f4174d628c144f08cc3') in 0.002567 seconds
Number of updated asset objects reloaded before import = 0
Number of asset objects unloaded after import = 1
========================================================================
Received Import Request.
  Time since last request: 0.000135 seconds.
  path: Assets/Sprites/duck/duck3 red/duck3 diagonal.controller
  artifactKey: Guid(d49044b001ed43649ab3ba731ce4fdbb) Importer(2089858483,0ecaa5967403d082aa24f35e1b516d23)
Start importing Assets/Sprites/duck/duck3 red/duck3 diagonal.controller using Guid(d49044b001ed43649ab3ba731ce4fdbb) Importer(2089858483,0ecaa5967403d082aa24f35e1b516d23) [PhysX] Initialized MultithreadedTaskDispatcher with 14 workers.
 -> (artifact id: 'e257a8ed22db3db84511e6f067666842') in 0.001646 seconds
Number of updated asset objects reloaded before import = 0
Number of asset objects unloaded after import = 4
========================================================================
Received Import Request.
  Time since last request: 0.000058 seconds.
  path: Assets/Sprites/duck/duck3 red/duck3 fall.controller
  artifactKey: Guid(b0ccdd8323f60b54c890045c69dc4613) Importer(2089858483,0ecaa5967403d082aa24f35e1b516d23)
Start importing Assets/Sprites/duck/duck3 red/duck3 fall.controller using Guid(b0ccdd8323f60b54c890045c69dc4613) Importer(2089858483,0ecaa5967403d082aa24f35e1b516d23) [PhysX] Initialized MultithreadedTaskDispatcher with 14 workers.
 -> (artifact id: 'ddb000f3737b81df2647ea8bb9151a02') in 0.002098 seconds
Number of updated asset objects reloaded before import = 0
Number of asset objects unloaded after import = 4
========================================================================
Received Import Request.
  Time since last request: 0.000058 seconds.
  path: Assets/Sprites/duck/duck3 red/duck3 falling.anim
  artifactKey: Guid(ad0e53b3a530108418ad18491c647270) Importer(2089858483,0ecaa5967403d082aa24f35e1b516d23)
Start importing Assets/Sprites/duck/duck3 red/duck3 falling.anim using Guid(ad0e53b3a530108418ad18491c647270) Importer(2089858483,0ecaa5967403d082aa24f35e1b516d23) [PhysX] Initialized MultithreadedTaskDispatcher with 14 workers.
 -> (artifact id: 'd37cfd12767bbe35355c90cd6c47528a') in 0.002008 seconds
Number of updated asset objects reloaded before import = 0
Number of asset objects unloaded after import = 1
Editor requested this worker to shutdown with reason: Scaling down because of idle timeout
TcpMessagingSession - receive error: operation aborted. errorcode: 89, details: Operation aborted.
AssetImportWorker is now disconnected from the server
Process exiting
